** Drc report for CustomPCB.kicad_pcb **
** Created on 2026-04-30T23:16:47 **
** Report includes: Errors, Warnings **

** Found 70 DRC violations **
[copper_edge_clearance]: Board edge clearance violation (board setup constraints edge clearance 0.5000 mm; actual 0.4890 mm)
    Rule: board setup constraints edge; error
    @(171.0500 mm, 114.7500 mm): Segment on Edge.Cuts
    @(171.8000 mm, 58.3000 mm): Via [GND] on F.Cu - B.Cu
[copper_edge_clearance]: Board edge clearance violation (board setup constraints edge clearance 0.5000 mm; actual 0.4796 mm)
    Rule: board setup constraints edge; error
    @(187.0000 mm, 72.9619 mm): Segment on Edge.Cuts
    @(186.4250 mm, 72.7750 mm): Track [Net-(U1-VCP)] on F.Cu, length 0.3750 mm
[copper_edge_clearance]: Board edge clearance violation (board setup constraints edge clearance 0.5000 mm; actual 0.4138 mm)
    Rule: board setup constraints edge; error
    @(187.0000 mm, 72.9619 mm): Segment on Edge.Cuts
    @(188.0500 mm, 71.1500 mm): Track [Net-(U1-VCP)] on F.Cu, length 2.2981 mm
[copper_edge_clearance]: Board edge clearance violation (board setup constraints edge clearance 0.5000 mm; actual 0.4750 mm)
    Rule: board setup constraints edge; error
    @(187.0000 mm, 72.9619 mm): Segment on Edge.Cuts
    @(186.0500 mm, 72.7750 mm): Pad 1 [Net-(U1-VCP)] of C7 on F.Cu
[copper_edge_clearance]: Board edge clearance violation (board setup constraints edge clearance 0.5000 mm; actual 0.3750 mm)
    Rule: board setup constraints edge; error
    @(195.9000 mm, 74.6730 mm): Rectangle of U1 on Edge.Cuts
    @(196.9000 mm, 89.0930 mm): PTH pad 1 [Net-(U1-+VCSEL)] of U1
[copper_edge_clearance]: Board edge clearance violation (board setup constraints edge clearance 0.5000 mm; actual 0.3750 mm)
    Rule: board setup constraints edge; error
    @(195.9000 mm, 74.6730 mm): Rectangle of U1 on Edge.Cuts
    @(196.9000 mm, 87.3130 mm): PTH pad 2 [SDIO] of U1
[copper_edge_clearance]: Board edge clearance violation (board setup constraints edge clearance 0.5000 mm; actual 0.3750 mm)
    Rule: board setup constraints edge; error
    @(195.9000 mm, 74.6730 mm): Rectangle of U1 on Edge.Cuts
    @(196.9000 mm, 85.5330 mm): PTH pad 3 [SCLK] of U1
[copper_edge_clearance]: Board edge clearance violation (board setup constraints edge clearance 0.5000 mm; actual 0.3750 mm)
    Rule: board setup constraints edge; error
    @(195.9000 mm, 74.6730 mm): Rectangle of U1 on Edge.Cuts
    @(196.9000 mm, 83.7530 mm): PTH pad 4 [unconnected-(U1-NC-Pad4)] of U1
[copper_edge_clearance]: Board edge clearance violation (board setup constraints edge clearance 0.5000 mm; actual 0.3750 mm)
    Rule: board setup constraints edge; error
    @(195.9000 mm, 74.6730 mm): Rectangle of U1 on Edge.Cuts
    @(196.9000 mm, 81.9730 mm): PTH pad 5 [nCS] of U1
[copper_edge_clearance]: Board edge clearance violation (board setup constraints edge clearance 0.5000 mm; actual 0.3750 mm)
    Rule: board setup constraints edge; error
    @(195.9000 mm, 74.6730 mm): Rectangle of U1 on Edge.Cuts
    @(196.9000 mm, 80.1930 mm): PTH pad 6 [VDDIO] of U1
[copper_edge_clearance]: Board edge clearance violation (board setup constraints edge clearance 0.5000 mm; actual 0.3750 mm)
    Rule: board setup constraints edge; error
    @(195.9000 mm, 74.6730 mm): Rectangle of U1 on Edge.Cuts
    @(196.9000 mm, 78.4130 mm): PTH pad 7 [nRESET] of U1
[copper_edge_clearance]: Board edge clearance violation (board setup constraints edge clearance 0.5000 mm; actual 0.3750 mm)
    Rule: board setup constraints edge; error
    @(195.9000 mm, 74.6730 mm): Rectangle of U1 on Edge.Cuts
    @(196.9000 mm, 76.6330 mm): PTH pad 8 [MOTION] of U1
[copper_edge_clearance]: Board edge clearance violation (board setup constraints edge clearance 0.5000 mm; actual 0.3750 mm)
    Rule: board setup constraints edge; error
    @(195.9000 mm, 74.6730 mm): Rectangle of U1 on Edge.Cuts
    @(186.2000 mm, 75.7430 mm): PTH pad 9 [Net-(U1-VCP)] of U1
[copper_edge_clearance]: Board edge clearance violation (board setup constraints edge clearance 0.5000 mm; actual 0.3750 mm)
    Rule: board setup constraints edge; error
    @(195.9000 mm, 74.6730 mm): Rectangle of U1 on Edge.Cuts
    @(186.2000 mm, 77.5230 mm): PTH pad 10 [Net-(U1-+VCSEL)] of U1
[copper_edge_clearance]: Board edge clearance violation (board setup constraints edge clearance 0.5000 mm; actual 0.3750 mm)
    Rule: board setup constraints edge; error
    @(195.9000 mm, 74.6730 mm): Rectangle of U1 on Edge.Cuts
    @(186.2000 mm, 79.3030 mm): PTH pad 11 [GND] of U1
[copper_edge_clearance]: Board edge clearance violation (board setup constraints edge clearance 0.5000 mm; actual 0.3750 mm)
    Rule: board setup constraints edge; error
    @(195.9000 mm, 74.6730 mm): Rectangle of U1 on Edge.Cuts
    @(186.2000 mm, 81.0830 mm): PTH pad 12 [Net-(U1-CP)] of U1
[copper_edge_clearance]: Board edge clearance violation (board setup constraints edge clearance 0.5000 mm; actual 0.3750 mm)
    Rule: board setup constraints edge; error
    @(195.9000 mm, 74.6730 mm): Rectangle of U1 on Edge.Cuts
    @(186.2000 mm, 82.8630 mm): PTH pad 13 [Net-(U1-CN)] of U1
[copper_edge_clearance]: Board edge clearance violation (board setup constraints edge clearance 0.5000 mm; actual 0.3750 mm)
    Rule: board setup constraints edge; error
    @(195.9000 mm, 74.6730 mm): Rectangle of U1 on Edge.Cuts
    @(186.2000 mm, 84.6430 mm): PTH pad 14 [+1V8] of U1
[copper_edge_clearance]: Board edge clearance violation (board setup constraints edge clearance 0.5000 mm; actual 0.3750 mm)
    Rule: board setup constraints edge; error
    @(195.9000 mm, 74.6730 mm): Rectangle of U1 on Edge.Cuts
    @(186.2000 mm, 86.4230 mm): PTH pad 15 [Net-(U1--VCSEL)] of U1
[copper_edge_clearance]: Board edge clearance violation (board setup constraints edge clearance 0.5000 mm; actual 0.3750 mm)
    Rule: board setup constraints edge; error
    @(195.9000 mm, 74.6730 mm): Rectangle of U1 on Edge.Cuts
    @(186.2000 mm, 88.2030 mm): PTH pad 16 [Net-(U1--VCSEL)] of U1
[copper_edge_clearance]: Board edge clearance violation (board setup constraints edge clearance 0.5000 mm; actual 0.4825 mm)
    Rule: board setup constraints edge; error
    @(171.0000 mm, 42.4000 mm): Segment on Edge.Cuts
    @(173.4500 mm, 43.7825 mm): PTH pad COM [GND] of S1
[copper_edge_clearance]: Board edge clearance violation (board setup constraints edge clearance 0.5000 mm; actual 0.3552 mm)
    Rule: board setup constraints edge; error
    @(185.3500 mm, 127.4000 mm): Segment on Edge.Cuts
    @(183.9422 mm, 126.2448 mm): PTH pad 12 [MOTION] of U3
[copper_edge_clearance]: Board edge clearance violation (board setup constraints edge clearance 0.5000 mm; actual 0.3822 mm)
    Rule: board setup constraints edge; error
    @(198.0000 mm, 92.9500 mm): Segment on Edge.Cuts
    @(199.1822 mm, 98.3048 mm): PTH pad 13 [unconnected-(U3-BAT+-Pad13)] of U3
[copper_edge_clearance]: Board edge clearance violation (board setup constraints edge clearance 0.5000 mm; actual 0.3822 mm)
    Rule: board setup constraints edge; error
    @(198.0000 mm, 92.9500 mm): Segment on Edge.Cuts
    @(199.1822 mm, 100.8448 mm): PTH pad 14 [unconnected-(U3-GND-Pad14)] of U3
[copper_edge_clearance]: Board edge clearance violation (board setup constraints edge clearance 0.5000 mm; actual 0.2578 mm)
    Rule: board setup constraints edge; error
    @(198.0000 mm, 92.9500 mm): Segment on Edge.Cuts
    @(197.1422 mm, 95.9174 mm): PTH pad 15 [unconnected-(U3-RST-Pad15)] of U3
[copper_edge_clearance]: Board edge clearance violation (board setup constraints edge clearance 0.5000 mm; actual 0.3822 mm)
    Rule: board setup constraints edge; error
    @(198.0000 mm, 92.9500 mm): Segment on Edge.Cuts
    @(199.1822 mm, 103.3848 mm): PTH pad 15 [unconnected-(U3-RST-Pad15)] of U3
[copper_edge_clearance]: Board edge clearance violation (board setup constraints edge clearance 0.5000 mm; actual 0.3822 mm)
    Rule: board setup constraints edge; error
    @(198.0000 mm, 92.9500 mm): Segment on Edge.Cuts
    @(199.1822 mm, 105.9248 mm): PTH pad 16 [VIN] of U3
[copper_edge_clearance]: Board edge clearance violation (board setup constraints edge clearance 0.5000 mm; actual 0.3822 mm)
    Rule: board setup constraints edge; error
    @(198.0000 mm, 92.9500 mm): Segment on Edge.Cuts
    @(199.1822 mm, 108.4648 mm): PTH pad 17 [SCROLL_A] of U3
[copper_edge_clearance]: Board edge clearance violation (board setup constraints edge clearance 0.5000 mm; actual 0.3822 mm)
    Rule: board setup constraints edge; error
    @(198.0000 mm, 92.9500 mm): Segment on Edge.Cuts
    @(199.1822 mm, 111.0048 mm): PTH pad 18 [SCROLL_B] of U3
[copper_edge_clearance]: Board edge clearance violation (board setup constraints edge clearance 0.5000 mm; actual 0.3822 mm)
    Rule: board setup constraints edge; error
    @(198.0000 mm, 92.9500 mm): Segment on Edge.Cuts
    @(199.1822 mm, 113.5448 mm): PTH pad 19 [unconnected-(U3-P0.02-LF-Pad19)] of U3
[copper_edge_clearance]: Board edge clearance violation (board setup constraints edge clearance 0.5000 mm; actual 0.3822 mm)
    Rule: board setup constraints edge; error
    @(198.0000 mm, 92.9500 mm): Segment on Edge.Cuts
    @(199.1822 mm, 116.0848 mm): PTH pad 20 [TOP_3] of U3
[copper_edge_clearance]: Board edge clearance violation (board setup constraints edge clearance 0.5000 mm; actual 0.3822 mm)
    Rule: board setup constraints edge; error
    @(198.0000 mm, 92.9500 mm): Segment on Edge.Cuts
    @(199.1822 mm, 118.6248 mm): PTH pad 21 [SCLK] of U3
[copper_edge_clearance]: Board edge clearance violation (board setup constraints edge clearance 0.5000 mm; actual 0.3822 mm)
    Rule: board setup constraints edge; error
    @(198.0000 mm, 92.9500 mm): Segment on Edge.Cuts
    @(199.1822 mm, 121.1648 mm): PTH pad 22 [SDIO] of U3
[copper_edge_clearance]: Board edge clearance violation (board setup constraints edge clearance 0.5000 mm; actual 0.3822 mm)
    Rule: board setup constraints edge; error
    @(198.0000 mm, 92.9500 mm): Segment on Edge.Cuts
    @(199.1822 mm, 123.7048 mm): PTH pad 23 [SDIO] of U3
[copper_edge_clearance]: Board edge clearance violation (board setup constraints edge clearance 0.5000 mm; actual 0.3822 mm)
    Rule: board setup constraints edge; error
    @(198.0000 mm, 92.9500 mm): Segment on Edge.Cuts
    @(199.1822 mm, 126.2448 mm): PTH pad 24 [nCS] of U3
[copper_edge_clearance]: Board edge clearance violation (board setup constraints edge clearance 0.5000 mm; actual 0.3822 mm)
    Rule: board setup constraints edge; error
    @(198.0000 mm, 92.9500 mm): Segment on Edge.Cuts
    @(199.1822 mm, 95.7648 mm): PTH pad 29 [BAT+] of U3
[copper_edge_clearance]: Board edge clearance violation (board setup constraints edge clearance 0.5000 mm; actual 0.0322 mm)
    Rule: board setup constraints edge; error
    @(185.3500 mm, 127.4000 mm): Segment on Edge.Cuts
    @(185.9822 mm, 99.9174 mm): PTH pad 30 [<no net>] of U3
[copper_edge_clearance]: Board edge clearance violation (board setup constraints edge clearance 0.5000 mm; actual 0.0322 mm)
    Rule: board setup constraints edge; error
    @(185.3500 mm, 127.4000 mm): Segment on Edge.Cuts
    @(185.9822 mm, 95.9174 mm): PTH pad 31 [<no net>] of U3
[copper_edge_clearance]: Board edge clearance violation (board setup constraints edge clearance 0.5000 mm; actual 0.2578 mm)
    Rule: board setup constraints edge; error
    @(198.0000 mm, 92.9500 mm): Segment on Edge.Cuts
    @(197.1422 mm, 99.9174 mm): PTH pad 32 [<no net>] of U3
[copper_edge_clearance]: Board edge clearance violation (board setup constraints edge clearance 0.5000 mm; actual 0.1859 mm)
    Rule: board setup constraints edge; error
    @(171.0500 mm, 114.7500 mm): Segment on Edge.Cuts
    @(171.4000 mm, 62.3500 mm): Pad 4 [unconnected-(S4-GND_2-Pad4)] of S4 on B.Cu
[starved_thermal]: Thermal relief connection to zone incomplete (layer F.Cu; zone min spoke count 2; actual 1)
    Local override; error
    @(162.1500 mm, 34.3000 mm): Zone 'GND' [GND] on F.Cu, priority 0
    @(189.9500 mm, 71.1500 mm): Pad 2 [GND] of C6 on F.Cu
[starved_thermal]: Thermal relief connection to zone incomplete (layer F.Cu; 1 spokes connected to isolated island)
    Local override; error
    @(162.1500 mm, 34.3000 mm): Zone 'GND' [GND] on F.Cu, priority 0
    @(200.6500 mm, 56.9500 mm): PTH pad C [GND] of SW1
[starved_thermal]: Thermal relief connection to zone incomplete (layer F.Cu; zone min spoke count 2; actual 1)
    Local override; error
    @(162.1500 mm, 34.3000 mm): Zone 'GND' [GND] on F.Cu, priority 0
    @(201.1500 mm, 76.8250 mm): Pad 2 [GND] of C8 on F.Cu
[track_dangling]: Track has unconnected end
    Local override; warning
    @(208.0250 mm, 100.3114 mm): Track [SCROLL_B] on B.Cu, length 0.3114 mm
[silk_edge_clearance]: Silkscreen clipped by board edge
    Rule: board setup constraints silk; warning
    @(187.0000 mm, 72.9619 mm): Segment on Edge.Cuts
    @(191.5500 mm, 72.9250 mm): Reference field of U1
[silk_edge_clearance]: Silkscreen clipped by board edge
    Rule: board setup constraints silk; warning
    @(187.0000 mm, 72.9619 mm): Segment on Edge.Cuts
    @(187.8500 mm, 74.1750 mm): Rectangle of U1 on F.Silkscreen
[silk_edge_clearance]: Silkscreen clipped by board edge
    Rule: board setup constraints silk; warning
    @(195.9000 mm, 72.9619 mm): Segment on Edge.Cuts
    @(196.8000 mm, 74.1750 mm): Rectangle of U1 on F.Silkscreen
[silk_edge_clearance]: Silkscreen clipped by board edge
    Rule: board setup constraints silk; warning
    @(180.7495 mm, 46.3500 mm): Circle on Edge.Cuts
    @(177.8950 mm, 45.6875 mm): Reference field of S1
[silk_edge_clearance]: Silkscreen clipped by board edge
    Rule: board setup constraints silk; warning
    @(171.0000 mm, 42.4000 mm): Segment on Edge.Cuts
    @(170.5500 mm, 42.4625 mm): Segment of S1 on F.Silkscreen
[silk_edge_clearance]: Silkscreen clipped by board edge
    Rule: board setup constraints silk; warning
    @(171.0000 mm, 42.4000 mm): Segment on Edge.Cuts
    @(176.3500 mm, 42.4625 mm): Segment of S1 on F.Silkscreen
[silk_edge_clearance]: Silkscreen clipped by board edge
    Rule: board setup constraints silk; warning
    @(171.0500 mm, 114.7500 mm): Segment on Edge.Cuts
    @(176.3500 mm, 55.2625 mm): Segment of S1 on F.Silkscreen
[silk_edge_clearance]: Silkscreen clipped by board edge
    Rule: board setup constraints silk; warning
    @(185.3500 mm, 127.4000 mm): Segment on Edge.Cuts
    @(200.5847 mm, 94.2764 mm): Rectangle of U3 on F.Silkscreen
[silk_edge_clearance]: Silkscreen clipped by board edge
    Rule: board setup constraints silk; warning
    @(185.3500 mm, 127.4000 mm): Segment on Edge.Cuts
    @(200.5847 mm, 94.2764 mm): Rectangle of U3 on B.Silkscreen
[silk_edge_clearance]: Silkscreen clipped by board edge
    Rule: board setup constraints silk; warning
    @(185.3500 mm, 127.4000 mm): Segment on Edge.Cuts
    @(184.8057 mm, 98.7718 mm): Footprint text of U3 (1)
[silk_edge_clearance]: Silkscreen clipped by board edge
    Rule: board setup constraints silk; warning
    @(185.3500 mm, 127.4000 mm): Segment on Edge.Cuts
    @(185.5935 mm, 98.7708 mm): Footprint text of U3 (1)
[silk_edge_clearance]: Silkscreen clipped by board edge
    Rule: board setup constraints silk; warning
    @(182.5000 mm, 49.7917 mm): Segment on Edge.Cuts
    @(176.8500 mm, 50.0625 mm): Segment of S3 on F.Silkscreen
[silk_edge_clearance]: Silkscreen clipped by board edge
    Rule: board setup constraints silk; warning
    @(184.3662 mm, 61.4332 mm): Arc on Edge.Cuts
    @(182.6500 mm, 50.0625 mm): Segment of S3 on F.Silkscreen
[padstack]: Padstack is questionable (negative solder paste margin is larger than pad; no solder paste mask will be generated)
    Local override; warning
    @(192.8123 mm, 100.7824 mm): Pad A5 [<no net>] of U3 on F.Cu
[padstack]: Padstack is questionable (negative solder paste margin is larger than pad; no solder paste mask will be generated)
    Local override; warning
    @(191.8123 mm, 100.7824 mm): Pad A6 [<no net>] of U3 on F.Cu
[padstack]: Padstack is questionable (negative solder paste margin is larger than pad; no solder paste mask will be generated)
    Local override; warning
    @(191.3121 mm, 100.7824 mm): Pad A7 [<no net>] of U3 on F.Cu
[padstack]: Padstack is questionable (negative solder paste margin is larger than pad; no solder paste mask will be generated)
    Local override; warning
    @(190.3121 mm, 100.7824 mm): Pad A8 [<no net>] of U3 on F.Cu
[padstack]: Padstack is questionable (negative solder paste margin is larger than pad; no solder paste mask will be generated)
    Local override; warning
    @(189.1521 mm, 100.7824 mm): Pad A9B4 [<no net>] of U3 on F.Cu
[padstack]: Padstack is questionable (negative solder paste margin is larger than pad; no solder paste mask will be generated)
    Local override; warning
    @(188.3523 mm, 100.7824 mm): Pad A12B1 [<no net>] of U3 on F.Cu
[padstack]: Padstack is questionable (negative solder paste margin is larger than pad; no solder paste mask will be generated)
    Local override; warning
    @(189.8123 mm, 100.7824 mm): Pad B5 [<no net>] of U3 on F.Cu
[padstack]: Padstack is questionable (negative solder paste margin is larger than pad; no solder paste mask will be generated)
    Local override; warning
    @(190.8123 mm, 100.7824 mm): Pad B6 [<no net>] of U3 on F.Cu
[padstack]: Padstack is questionable (negative solder paste margin is larger than pad; no solder paste mask will be generated)
    Local override; warning
    @(192.3121 mm, 100.7824 mm): Pad B7 [<no net>] of U3 on F.Cu
[padstack]: Padstack is questionable (negative solder paste margin is larger than pad; no solder paste mask will be generated)
    Local override; warning
    @(193.3121 mm, 100.7824 mm): Pad B8 [<no net>] of U3 on F.Cu
[padstack]: Padstack is questionable (negative solder paste margin is larger than pad; no solder paste mask will be generated)
    Local override; warning
    @(193.9723 mm, 100.7824 mm): Pad B9A4 [<no net>] of U3 on F.Cu
[padstack]: Padstack is questionable (negative solder paste margin is larger than pad; no solder paste mask will be generated)
    Local override; warning
    @(194.7721 mm, 100.7824 mm): Pad B12A1 [<no net>] of U3 on F.Cu
[lib_footprint_mismatch]: Footprint 'SuperMini NRF52840' does not match copy in library 'SuperMini'
    Local override; warning
    @(183.9422 mm, 95.7648 mm): Footprint U3

** Found 3 unconnected pads **
[unconnected_items]: Missing connection between items
    Local override; error
    @(183.9422 mm, 98.3048 mm): Track [RMB] on F.Cu, length 1.6930 mm
    @(195.5500 mm, 106.5606 mm): Pad 1 [RMB] of U3 on B.Cu
[unconnected_items]: Missing connection between items
    Local override; error
    @(183.9422 mm, 100.8448 mm): Track [LMB] on F.Cu, length 0.2106 mm
    @(195.5500 mm, 105.1366 mm): Pad 2 [LMB] of U3 on B.Cu
[unconnected_items]: Missing connection between items
    Local override; error
    @(197.1422 mm, 95.9174 mm): PTH pad 15 [unconnected-(U3-RST-Pad15)] of U3
    @(199.1822 mm, 103.3848 mm): PTH pad 15 [unconnected-(U3-RST-Pad15)] of U3

** Found 0 Footprint errors **

** Ignored checks **
    - Footprint has no courtyard defined
    - Track endpoint not centered on via
    - Tuning profile track geometries
    - Footprint doesn't match symbol's footprint filters
    - Footprint component type doesn't match footprint pads

** End of Report **
